wwwwwwwwwwwwwwwwwwwwwwwyyttttttttttttttttggggggggggggggggggggggggggggggggggggggggggggggggggggggggggg
wwwwwwwwwwwwwwwwwwwwwyyyggttggttgggggttttggggggggggggggggggggggggggggggggggggggggggggggggggggggggggg
ggttgwwwwwwwwwwwyyyyyygggggggggrfrfrfrtttggggggggggggggggggggggggggggggggggggggggggggggggggggggggggg
ttttttttwwwwwwwyytyyyggggggggggsssssssgttggggggggggggggggggggggggggggggggggggggggggggggggggggggggggg
ttggggggtwwwwwwyyyyyyggggggpppgsbbbbbsgttggggggggggggggggggggggggggggggggggggggggggggggggggggggggggg
tgsssssgtwwwwwwyyytyygggggppppggbbbbbsgttggggggggggggggggggggggggggggggggggggggggggggggggggggggggggg
gsbbbbbsgggwwwwwyyyyygggpgppgggsbbbbbsgttggggggggggggggggggggggggggggggggggggggggggggggggggggggggggg
gsbbbbbsgggwwwwwyyyyygggggppgggsssssssgttggggggggggggggggggggggggggggggggggggggggggggggggggggggggggg
gsbbbbbsgggwwwwwwyyyyyggggppgggggggggggttggggggggggggggggggggggggggggggggggggggggggggggggggggggggggg
gsbbbbbsgggwwwwwwyyyyyyyyggppppgggoogttttggggggggggggggggggggggggggggggggggggggggggggggggggggggggggg
ggssbssggtggwwwwwwwwwwyyyyggggppggooggtttggggggggggggggggggggggggggggggggggggggggggggggggggggggggggg
ggggggggggtgggwwwwwwwwwwwyyggpppggggggtttggggggggggggggggggggggggggggggggggggggggggggggggggggggggggg
gggtgtggrgttggggwwwwwwwwwwygpppgggggtttttggggggggggggggggggggggggggggggggggggggggggggggggggggggggggg
ggggggggggggtttgggwwwwwwwwwgbbggttgttttttgwwwwwggggggggggggggggggggggggggggggggggggggggggggggggggggg
gggtgtgggfgggggttggggwwwwwwwbbwwwwwwwwwwwwwwwwwwwwwwwwwwggggwwwwwwwwwwwggggggggggggggggggggggggggggg
ggggggggggggrggggtttggggggwwbbwwwwwwwwwwwggwwwwwwwwwwwwwwwwwwwwwwwwwwwwwwwwwgggggggggggggggggggggggg
gggtgtggggggfgggfgggttttgtggbbgwwwwwwwwwwwwwwwwwwwwwwwwwwwwwwwwwwwwwwwwwwwwwwwwwgggggggggggggggggggg
gggggggggggggggggggggggtttgggggggggggggggggggwwwwggggggggggwwwwgggggggwwwwwwwwwwwggggggggggggggggggg
ggggggggggggggggggggggggggggggggfggrgggfgggggggggggggggggggggggggggggggggwwwwwwwwwgggggggggggggggggg
ggggggggggggggggggggggggggggggggggggggggggggggggggggggggggggggggggggggggggggwwwwwwwggggggggggggggggg
gggggggggggggggggggggggggggggggggggggggggggggggggggggggggggggggggggggggggggggwwwwwwggggggggggggggggg
tttsgstttsgsttttttsgggggggggggggggggggggggggggggggggggggggggggggggggggggggggwwwwwwwggggggggggggggggg
ggggggggggggggggggtggggggggggggggggggggggggggggggggggggggggggggggggggggggggggwwwwwwggggggggggggggggg
gggfgggggrgggggrggtggggggggggggggggggggggggggggggggggggggggggggggggggggggggggwwwwwwggggggggggggggggg
ggggggggggggfgggggtgggggggggggggggggggggggggggggggggggggggggggggggggggggggggggwwwwwwgggggggggggggggg
tttttttttttgggggggsgggggggggggggggggggggggggggggggggggggggggggggggggggggggggggwwwwwwgggggggggggggggg
sssssssssstgggrgggggggggggggggggggggggggggggggggggggggggggggggggggggggggggggggwwwwwwgggggggggggggggg
sbbbbbbbbstgggggggsgggggggggggggggggggggggggggggggggggggggggggggggggggggggggggwwwwwwgggggggggggggggg
sbbbbbbbbsgggfggggtgggggggggggggggggggggggggggggggggggggggggggggggggggggggggbbbbbbbbbbgggggggggggggg
sbbbbbbbbgggggggggtgggggggggggggggggggggggggggggggggggggggggggggggggggggggggbbbbbbbbbbgggggggggggggg
sbbbbbbbbggrggfgggtgggggggggggggggggggggggggggggggggggggggggggggggggggggggggbbbbbbbbbbgggggggggggggg
sbbbbbbbbsggggrgggtggggggggggggggggggggggggggggggggggggggggggggggggggggggggggggwwwwwgggggggggggggggg
sbbbbbbbbstgggggggsggggggggggggggggggggggggggggggggggggggggggggggggggggggggggggwwwwwgggggggggggggggg
sssssssssstggggggggggggggggggggggggggggggggggggggggggggggggggggggggggggggggggggwwwwwgggggggggggggggg
tttttttttttgggggggsggggggggggggggggggggggggggggggggggggggggggggggggggggggggggggwwwwwwwgggggggggggggg
gggfggggggggggyyyytggggggggggggggggggggggggggggggggggggggggggggggggggggggggggggggwwwwwwwwggggggggggg
ggggggggfggggyywwwtggggggggggggggggggggggggggggggggggggggggggggggggggggggggggggggwwwwwwwwwwwgggggggg
ggggggggggggyywwwwtgggggggggggggggggggggggggggggggggggggggggggggggggggggggggggggggggwwwwwwwwwwwwwggg
tttsgstttsgsttttttsgggggggggggggggggggggggggggggggggggggggggggggggggggggggggggggggggggwwwwwwwwwwwwgg
ggggggggggggggggggggggggggggggggggggggggggggggggggggggggggggggggggggggggggggggggggggggggwwwwwwwwwwww
ggggggggggggggggggggggggggggggggggggggggggggggggggggggggggggggggggggggggggggggggggggggggggwwwwwwwwww
ggggggggggggggggggggggggggggggggggggggggggggggggggggggggggggggggggggggggggggggggggggggggggggggwwwwww
gggggggggggggggggggggggggggggggggggggggggggggggggggggggggggggggggggggggggggggggggggggggggggggggwwwww
gggggggggggggggggggggggggggggggggggggggggggggggggggggggggggggggggggggggggggggggggggggggggggggggggwww
wwggggggggggggggggggggggggggggggggggggggggggggggggggggggggggggggggggggggggggggggggggggggggggggggwwww
wwwwgggggggggggggggggggggggggggggggggggggggggggggggggggggggggggggggggggggggggggggggggggggggggggwwwww
wwwwwwwgggggggggggggggggggggggggggggggggggggggggggggggggggggggggggggggggggggggggggggggggggggggwwwwww
wwwwwwwwgggggggggggggggggggggggggggggggggggggggggggggggggggggggggggggggggggggggggggggggggggwwwwwwwww
wwwwwwwwwggggggggggggggggggggggggggggggggggggggggggggggggggggggggggggggggggggggggggggggggwwwwwwwwwww
wwwwwwwwwwgggggggggggggggggggggggggggggggggggggggggggggggggggggggggggggggggggggggggggggggwwwwwwwwwww
wwwwwwwwwwwwwggggggggggggggggggggggggggggggggggggggggggggggggggggggggggggggggggggggggggwwwwwwwwwwwww
wwwwwwwwwwwwwwggggggggggggggggggggggggggggggggggggggggggggggggggggggggggggwwwwwwwwwwwwwwwwwwwwwwwwww
wwwwwwwwwwwwwwwwwwwgggggggbbggwwwgggggggggggggggggggggggggggggggggwwwwwwwwwwwwwwwwwwwwwwwwwwwgggwwww
wwwwwwwwwwwwwwwwwwwwwwwwwwbbwwwwwwwwwwwwwwwwwwwwwwwwwwwwwwwwwwwwwwwwwwwwwwwwwwwwwwwwwwwwwwwwggogggww
wwwwwwwwwwwwwwwwwwwwwwwwwwbbwwwwwwwwwwwwwwwwwwwwwwwwwwwwwwwwwwwwwwwwwwwgggggggggggggwwwwwwwwggggogww
wwwwwwwwwwwwwwwwwwwwwwwwwwbbwwwwwwwwwwwwwwwwwwwwwwwwwwwwwwwwwwwwwwwwwggggggggggggggggggwwwwwwgbggwww
wwwwwwwwwwwwwwwwggggggggggbbgggggggggggggggggwwwwwwwwwwwgggggggggggggggggggggggggggggggggwwwwwbwwwww
wwwwwwwwggggggggggggggggggggggggggggggggggggggggggggggggggggggggggggggggggggggggggggggggggwwwwbwwwww
wwwwwwwgggggggggggggggggggggggggggggggggggggggggggggggggggggggggggggggggggggggggggggggggggggggbggggg
wwwwgggggggggggggggggggggggggggggggggggggggggggggggggggggggggggggggggggggggggggggggggggggggggggggggg
gggggggggggggggggggggggggggggggggggggggggggggggggggggggggggggggggggggggggggggggggggggggggggggggggggg
gggggggggggggggggggggggggggggggggggggggggggggggggggggggggggggggggggggggggggggggggggggggggggggggggggg
gggggggggggggggggggggggggggggggggggggggggggggggggggggggggggggggggggggggggggggggggggggggggggggggggggg
gggggggggggggggggggggggggggggggggggggggggggggggggggggggggggggggggggggggggggggggggggggggggggggggggggg
gggggggggggggggggggggggggggggggggggggggggggggggggggggggggggggggggggggggggggggggggggggggggggggggggggg
gggggggggggggggggggggggggggggggggggggggggggggggggggggggggggggggggggggggggggggggggggggggggggggggggggg
gggggggggggggggggggggggggggggggggggggggggggggggggggggggggggggggggggggggggggggggggggggggggggggggggggg
gggggggggggggggggggggggggggggggggggggggggggggggsgggggsgggggggggggggggggggggggggggggggggggggggggggggg
gggggggggggggggggggggggggggggggggggggggggggggggsobbbosgggggggggggggggggggggggggggggggwwwwwwwwwwwwwww
gggggggwwwwwwwwwgggggggggggggggggggggggggwwwwwwwobbbowwggggggggggggggggggggwwwwwwwwwwwwwwwwwwwwwwwww
wwwwwwwwwwwwwwwwwwwwwwwwwwwwwwwwwwwwwwwwwwwwwwwwobbbowwwwwwwwwwwwwwwwwwwwwwwwwwwwwwwwwwwwwwwwwwwwwww
wwwwwwwwwwwwwwwwwwwwwwwwwwwwwwwwwwwwwwwwwwwwwwwwobbbowwwwwwwwwwwwwwwwwwwwwwwwwwwwwwwwwwwwwwwwwwwwwww
sswwwwwsswwwwwsswwwwwsswwwwwsswwwwwsswwwwwsswwwwobbbowwwsswwwwwsswwwwwsswwwwwsswwwwwsswwwwwsswwwwwss
sswwwwwsswwwwwsswwwwwsswwwwwsswwwwwsswwwwwsswwwwobbbowwwsswwwwwsswwwwwsswwwwwsswwwwwsswwwwwsswwwwwss
ssssssssssssssssssssssssssssssssssssssssssssssssobbbosssssssssssssssssssssssssssssssssssssssssssssss
ssssssssssssssssssssssssssssssssssssssssssssssssobbbosssssssssssssssssssssssssssssssssssssssssssssss
ssddddddddggggggggggggggggggggggggggggggggggggggobbbogggggggggggggggggggggggggggggggggggggggggggggss
ssbbbbbbbbgggpppppgggggggggppppppgppgggppppggpppggggggggggggggggggggggggggggggggggggggggggggggggggss
ssddddddddggggppgpppppppppgppppppggpppppgppppggggggggggggggggggggggggggggggggggggggggggggggggggggggg
ssbbbbbbbbgppppppppggpppgppppgggppppggggggggggggggggggggggggggggggggggggggggggggggggggggggggggggggss
ssddddddddgggggpppggggggggggggggggggggggggggggggggggggggggggggggggggggggggggggggggggggggggggggggggss
ssbbbbbbbbggggggggggggggggggggggggggggggggggggggggggggggggggggggggggggggggggggggggggggggggggggggggss
ssddddddddggggggggggggggggggggggggggggggggggggggggggggggggggggggggggggggggggggggggggggggggggggggggss
ssbbbbbbbbggggggggggggggggggggggggggggggggggggggggggggggggggggggggggggggggggggggggggggggggggggggggss
ssssssssssggggggggggggggggggggggggggggggggggggggggggggggggggggggggggggggggggggggggggggggggggggggggss
ssyyyyyyysggggggggggggggggggggggggggggggggggggggggggggggggggggggggggggggggggggggggggggggggggggggggss
ssyyyyyyysggggggggggggggggggggggggggggggggggggggggggggggggggggggggggggggggggggggggggggggggggggggggss
ssyyyyyyysggggggggggggggggggggggggggggggggggggggggggggggggggggggggggggggggggggggggggggggggggggggggss
ssggggggggggggggggggggggggggggggggggggggggggggggggggggggggggggggggggggggggggggggggggggggggggggggggss
ssggggggggggggggggggggggggggggggggggggggggggggggggggggggggggggggggggggggggggggggggggggggggggggggggss
ssggggggggggggggggggggggggggggggggggggggggggggggggggggggggggggggggggggggggggggggggggggggggggggggggss
ssggggggggggggggggggggggggggggggggggggggggggggggggggggggggggggggggggggggggggggggggggggggggggggggggss
ssggggggggggggggggggggggggggggggggggggggggggggggggggggggggggggggggggggggggggggggggggggggggggggggggss
ssggggggggggggggggggggggggggggggggggggggggggggggggggggggggggggggggggggggggggggggggggggggggggggggggss
ssggggggggggggggggggggggggggggggggggggggggggggggggggggggggggggggggggggggggggggggggggggggggggggggggss
ssggooggooggooggggggggggggggggggggggggggggggggggggggggggggggggggggggggggggggggggggggggggggggggggggss
ssggooggooggooggggggggggggggggggggggggggggggggggggggggggggggggggggggggggggggggggggggggggggggggggggss
ssggggggggggggggggggggggggggggggggggggggggggggggggggggggggggggggggggggggggggggggggggggggggggggggggss
ssssssssssssssssssssssssssssssssssssssssssssssssssssssssssssssssssssssssssssssssssssssssssssssssssss
ssssssssssssssssssssssssssssssssssssssssssssssssssssssssssssssssssssssssssssssssssssssssssssssssssss