wwwwwwwwwwwwwwwwwwwwwwwyyttttttttttttttttggggggggggggggggggggggggggggggggggggggggggggggggggggggggggg
wwwwwwwwwwwwwwwwwwwwwyyyggttggttgggggttttggggggggggggggggggggggggggggggggggggggggggggggggggggggggggg
ggttgwwwwwwwwwwwyyyyyygggggggggrfrfrfrtttggggggggggggggggggggggggggggggggggggggggggggggggggggggggggg
ttttttttwwwwwwwyytyyyggggggggggsssssssgttggggggggggggggggggggggggggggggggggggggggggggggggggggggggggg
ttggggggtwwwwwwyyyyyyggggggpppgsbbbbbsgttggggggggggggggggggggggggggggggggggggggggggggggggggggggggggg
tgsssssgtwwwwwwyyytyygggggppppggbbbbbsgttggggggggggggggggggggggggggggggggggggggggggggggggggggggggggg
gsbbbbbsgggwwwwwyyyyygggpgppgggsbbbbbsgttggggggggggggggggggggggggggggggggggggggggggggggggggggggggggg
gsbbbbbsgggwwwwwyyyyygggggppgggsssssssgttggggggggggggggggggggggggggggggggggggggggggggggggggggggggggg
gsbbbbbsgggwwwwwwyyyyyggggppgggggggggggttggggggggggggggggggggggggggggggggggggggggggggggggggggggggggg
gsbbbbbsgggwwwwwwyyyyyyyyggppppgggoogttttggggggggggggggggggggggggggggggggggggggggggggggggggggggggggg
ggssbssggtggwwwwwwwwwwyyyyggggppggooggtttggggggggggggggggggggggggggggggggggggggggggggggggggggggggggg
ggggggggggtgggwwwwwwwwwwwyyggpppggggggtttggggggggggggggggggggggggggggggggggggggggggggggggggggggggggg
gggtgtggrgttggggwwwwwwwwwwygpppgggggtttttggggggggggggggggggggggggggggggggggggggggggggggggggggggggggg
ggggggggggggtttgggwwwwwwwwwgbbggttgttttttgwwwwwggggggggggggggggggggggggggggggggggggggggggggggggggggg
gggtgtgggfgggggttggggwwwwwwwbbwwwwwwwwwwwwwwwwwwwwwwwwwwggggwwwwwwwwwwwggggggggggggggggggggggggggggg
ggggggggggggrggggtttggggggwwbbwwwwwwwwwwwggwwwwwwwwwwwwwwwwwwwwwwwwwwwwwwwwwgggggggggggggggggggggggg
gggtgtggggggfgggfgggttttgtggbbgwwwwwwwwwwwwwwwwwwwwwwwwwwwwwwwwwwwwwwwwwwwwwwwwwgggggggggggggggggggg
gggggggggggggggggggggggtttgggggggggggggggggggwwwwggggggggggwwwwgggggggwwwwwwwwwwwggggggggggggggggggg
ggggggggggggggggggggggggggggggggfggrgggfgggggggggggggggggggggggggggggggggwwwwwwwwwgggggggggggggggggg
ggggggggggggggggggggggggggggggggggggggggggggggggggggggggggggggggggggggggggggwwwwwwwggggggggggggggggg
gggggggggggggggggggggggggggggggggggggggggggggggggggggggggggggggggggggggggggggwwwwwwggggggggggggggggg
tttsgstttsgsttttttsgggggggggggggggggggggggggggggggggggggggggggggggggggggggggwwwwwwwggggggggggggggggg
ggggggggggggggggggtggggggggggggggggggggggggggggggggggggggggggggggggggggggggggwwwwwwggggggggggggggggg
gggfgggggrgggggrggtggggggggggggggggggggggggggggggggggggggggggggggggggggggggggwwwwwwggggggggggggggggg
ggggggggggggfgggggtgggggggggggggggggggggggggggggggggggggggggggggggggggggggggggwwwwwwgggggggggggggggg
tttttttttttgggggggsgggggggggggggggggggggggggggggggggggggggggggggggggggggggggggwwwwwwgggggggggggggggg
sssssssssstgggrgggggggggggggggggggggggggggggggggggggggggggggggggggggggggggggggwwwwwwgggggggggggggggg
sbbbbbbbbstgggggggsgggggggggggggggggggggggggggggggggggggggggggggggggggggggggggwwwwwwgggggggggggggggg
sbbbbbbbbsgggfggggtgggggggggggggggggggggggggggggggggggggggggggggggggggggggggbbbbbbbbbbgggggggggggggg
sbbbbbbbbgggggggggtgggggggggggggggggggggggggggggggggggggggggggggggggggggggggbbbbbbbbbbgggggggggggggg
sbbbbbbbbggrggfgggtgggggggggggggggggggggggggggggggggggggggggggggggggggggggggbbbbbbbbbbgggggggggggggg
sbbbbbbbbsggggrgggtggggggggggggggggggggggggggggggggggggggggggggggggggggggggggggwwwwwgggggggggggggggg
sbbbbbbbbstgggggggsggggggggggggggggggggggggggggggggggggggggggggggggggggggggggggwwwwwgggggggggggggggg
sssssssssstggggggggggggggggggggggggggggggggggggggggggggggggggggggggggggggggggggwwwwwgggggggggggggggg
tttttttttttgggggggsggggggggggggggggggggggggggggggggggggggggggggggggggggggggggggwwwwwwwgggggggggggggg
gggfggggggggggyyyytggggggggggggggggggggggggggggggggggggggggggggggggggggggggggggggwwwwwwwwggggggggggg
ggggggggfggggyywwwtggggggggggggggggggggggggggggggggggggggggggggggggggggggggggggggwwwwwwwwwwwgggggggg
ggggggggggggyywwwwtgggggggggggggggggggggggggggggggggggggggggggggggggggggggggggggggggwwwwwwwwwwwwwggg
tttsgstttsgsttttttsgggggggggggggggggggggggggggggggggggggggggggggggggggggggggggggggggggwwwwwwwwwwwwgg
ggggggggggggggggggggggggggggggggggggggggggggggggggggggggggggggggggggggggggggggggggggggggwwwwwwwwwwww
ggggggggggggggggggggggggggggggggggggggggggggggggggggggggggggggggggggggggggggggggggggggggggwwwwwwwwww
ggggggggggggggggggggggggggggggggggggggggggggggggggggggggggggggggggggggggggggggggggggggggggggggwwwwww
gggggggggggggggggggggggggggggggggggggggggggggggggggggggggggggggggggggggggggggggggggggggggggggggwwwww
gggggggggggggggggggggggggggggggggggggggggggggggggggggggggggggggggggggggggggggggggggggggggggggggggwww
wwggggggggggggggggggggggggggggggggggggggggggggggggggggggggggggggggggggggggggggggggggggggggggggggwwww
wwwwgggggggggggggggggggggggggggggggggggggggggggggggggggggggggggggggggggggggggggggggggggggggggggwwwww
wwwwwwwgggggggggggggggggggggggggggggggggggggggggggggggggggggggggggggggggggggggggggggggggggggggwwwwww
wwwwwwwwgggggggggggggggggggggggggggggggggggggggggggggggggggggggggggggggggggggggggggggggggggwwwwwwwww
wwwwwwwwwggggggggggggggggggggggggggggggggggggggggggggggggggggggggggggggggggggggggggggggggwwwwwwwwwww
wwwwwwwwwwgggggggggggggggggggggggggggggggggggggggggggggggggggggggggggggggggggggggggggggggwwwwwwwwwww
wwwwwwwwwwwwwggggggggggggggggggggggggggggggggggggggggggggggggggggggggggggggbbggggggggggwwwwwwwwwwwww
wwwwwwwwwwwwwwggggggggggggggggggggggggggggggggggggggggggggggggggggggggggggwbbwwwwwwwwwwwwwwwwwwwwwww
wwwwwwwwwwwwwwwwwwwgggggggbbggwwwgggggggggggggggggggggggggggggggggwwwwwwwwwbbwwwwwwwwwwwwwwwwgggwwww
wwwwwwwwwwwwwwwwwwwwwwwwwwbbwwwwwwwwwwwwwwwwwwwwwwwwwwwwwwwwwwwwwwwwwwwwwwwbbwwwwwwwwwwwwwwwggogggww
wwwwwwwwwwwwwwwwwwwwwwwwwwbbwwwwwwwwwwwwwwwwwwwwwwwwwwwwwwwwwwwwwwwwwwwggggbbgggggggwwwwwwwwggggogww
wwwwwwwwwwwwwwwwwwwwwwwwwwbbwwwwwwwwwwwwwwwwwwwwwwwwwwwwwwwwwwwwwwwwwggggggggggggggggggwwwwwwgbggwww
wwwwwwwwwwwwwwwwggggggggggbbgggggggggggggggggwwwwwwwwwwwgggggggggggggggggggggggggggggggggwwwwwbwwwww
wwwwwwwwggggggggggggggggggggggggggggggggggggggggggggggggggggggggggggggggggggggggggggggggggwwwwbwwwww
wwwwwwwgggggggggggggggggggggggggggggggggggggggggggggggggggggggggggggggggggggggggggggggggggggggbggggg
wwwwgggggggggggggggggggggggggggggggggggggggggggggggggggggggggggggggggggggggggggggggggggggggggggggggg
gggggggggggggggggggggggggggggggggggggggggggggggggggggggggggggggggggggggggggggggggggggggggggggggggggg
gggggggggggggggggggggggggggggggggggggggggggggggggggggggggggggggggggggggggggggggggggggggggggggggggggg
gggggggggggggggggggggggggggggggggggggggggggggggggggggggggggggggggggggggggggggggggggggggggggggggggggg
gggggggggggggggggggggggggggggggggggggggggggggggggggggggggggggggggggggggggggggggggggggggggggggggggggg
gggggggggggggggggggggggggggggggggggggggggggggggggggggggggggggggggggggggggggggggggggggggggggggggggggg
gggggggggggggggggggggggggggggggggggggggggggggggggggggggggggggggggggggggggggggggggggggggggggggggggggg
gggggggggggggggggggggggggggggggggggggggggggggggggggggggggggggggggggggggggggggggggggggggggggggggggggg
gggggggggggggggggggggggggggggggggggggggggggggggsgggggsgggggggggggggggggggggggggggggggggggggggggggggg
gggggggggggggggggggggggggggggggggggggggggggggggsobbbosgggggggggggggggggggggggggggggggwwwwwwwwwwwwwww
gggggggwwwwwwwwwgggggggggggggggggggggggggwwwwwwwobbbowwggggggggggggggggggggwwwwwwwwwwwwwwwwwwwwwwwww
wwwwwwwwwwwwwwwwwwwwwwwwwwwwwwwwwwwwwwwwwwwwwwwwobbbowwwwwwwwwwwwwwwwwwwwwwwwwwwwwwwwwwwwwwwwwwwwwww
wwwwwwwwwwwwwwwwwwwwwwwwwwwwwwwwwwwwwwwwwwwwwwwwobbbowwwwwwwwwwwwwwwwwwwwwwwwwwwwwwwwwwwwwwwwwwwwwww
sswwwwwsswwwwwsswwwwwsswwwwwsswwwwwsswwwwwsswwwwobbbowwwsswwwwwsswwwwwsswwwwwsswwwwwsswwwwwsswwwwwss
sswwwwwsswwwwwsswwwwwsswwwwwsswwwwwsswwwwwsswwwwobbbowwwsswwwwwsswwwwwsswwwwwsswwwwwsswwwwwsswwwwwss
ssssssssssssssssssssssssssssssssssssssssssssssssobbbosssssssssssssssssssssssssssssssssssssssssssssss
ssssssssssssssssssssssssssssssssssssssssssssssssobbbosssssssssssssssssssssssssssssssssssssssssssssss
ssddddddddggggggggggggggggggggggggggggggggggggggobbbogggggggggggggggggggggggggggggggggggggggggggggss
ssbbbbbbbbgggpppppgggggggggppppppgppgggppppggpppgggggppppgggggppppppgggggpppppgggpppggppppppppggggss
ssddddddddggggppgpppppppppgppppppggpppppgppppggggggggggppppppppgggggppppggggpppppppggppppppggpppggss
ssbbbbbbbbgppppppppggpppgppppgggppppggggggggggggggggggggggggggggggggggggggggggggggggggggggggggggggss
ssddddddddgggggpppggggggggggggggggggggggggggggggggggggggggggggggggggggggggggggggggggggggggggggggggss
ssbbbbbbbbgggggggggggggggggggggggggggggggggggggggggggggggggggggggggggggggggggggggffggfgfgggggrrgggss
ssddddddddgggggggggggggggggggggggggggggggggggggggggggggggggggggggggggggggggggggggfgfgfgfggfggrrgggss
ssbbbbbbbbgggggggggggggggggggggggggggggggggggggggggggggggggggggggggggggggggggggggffggfffgggggrrgggss
ssssssssssgggggggggggggggggggggggggggggggggggggggggggggggggggggggggggggggggggggggfgfggfgggfggrrgggss
ssyyyyyyysgggggggggggggggggggggggggggggggggggggggggggggggggggggggggggggggggggggggffgggfggggggrrgggss
ssyyyyyyysgggggggggggggggggggggggggggggggggggggggggggggggggggggggggggggggggggggggggggggggggggrrgggss
ssyyyyyyysgggggggggggggggggggggggggggggggggggggggggggggggggggggggggggggggggggggggrgggrggrrrggrrgggss
ssgggggggggggggggggggggggggggggggggggggggggggggggggggggggggggggggggggggggggggggggrrgrrggrgrggrrgggss
ssgggggggggggggggggggggggggggggggggggggggggggggggggggggggggggggggggggggggggggggggrgrgrggrrrgggggggss
ssgggggggggggggggggggggggggggggggggggggggggggggggggggggggggggggggggggggggggggggggrgggrggrgrggrrgggss
ssgggggggggggggggggggggggggggggggggggggggggggggggggggggggggggggggggggggggggggggggrgggrggrgrggrrgggss
ssggggggggggggggggggggggggggggggggggggggggggggggggggggggggggggggggggggggggggggggggggggggggggggggggss
ssgggggggggggggggggggggggggggggggggggggggggggggggggggggggggggggggggggggggggggggggggggggggggppgggggss
ssgggggggggggggggggggggggggggggggggggggggggggggggggggggggggggggggggggggggggggggggggggppppppppoogggss
ssggooggooggooggggggggggggggggggggggggggggggggggggggggggggggggggggggggggggggggggggggpooppopppooppgss
ssggooggooggoogggggggggggggggggggggggggggggggggggggggggggggggggggggggggggggggggggggppooppooppooppgss
ssggggggggggggggggggggggggggggggggggggggggggggggggggggggggggggggggggggggggggggggggpppppppppppppppgss
ssssssssssssssssssssssssssssssssssssssssssssssssssssssssssssssssssssssssssssssssssssssssssssssssssss
ssssssssssssssssssssssssssssssssssssssssssssssssssssssssssssssssssssssssssssssssssssssssssssssssssss