wwwwwwwwwwwwwwwwwwwwwwwyytttttttttttttttttttttgggggggggggggggggggggttdddddddddttgggggggttggggsssssss
wwwwwwwwwwwwwwwwwwwwwyyyggttggttgggggtttttttgrgpppppppppppppppppppggttdddddddttgggggggtttgoogsbbbbbs
ggttgwwwwwwwwwwwyyyyyygggggggggrfrfrfrtttttgfgpppppppppppppppppppppggttdddddttggggpppppppppggsbbbbbs
ttttttttwwwwwwwyytyyyggggggggggsssssssgttggggppppgggggggggggggggppppggttdddttggggppppppppppggsbbbbbs
ttggggggtwwwwwwyyyyyyggggggpppgsbbbbbsgttgrgppppggtttttttttttttgggpppggtttttgggppppgggtttgggggbbbbbs
tgsssssgtwwwwwwyyytyygggggppppggbbbbbsgttgggpppgggtggrgggfggggttgggppgggggggggppppgggggttggggsbbbbbs
gsbbbbbsgggwwwwwyyyyygggpgppgggsbbbbbsgttgfgpppgggtttgggrggfrggtgggppppppppppppppggggggttggggsssssss
gsbbbbbsgggwwwwwyyyyygggggppgggsssssssgttgggppppggggttgfgrgggfgtgggppppppppppppggggggggttggggggggggg
gsbbbbbsgggwwwwwwyyyyyggggppgggggggggggtttgggpppppgggttgggggggttgggppggggggggggggggggggttggggggggggg
gsbbbbbsgggwwwwwwyyyyyyyyggppppgggoogttttttgrgpppppgggtttttttttgggpppggtttttgggggggggggttttttttttttt
ggssbssggtggwwwwwwwwwwyyyyggggppggooggtttttggggppppppggggggggggggpppggttdddttggggggggggggttttttttttt
ggggggggggtgggwwwwwwwwwwwyyggpppggggggttttttgggfgpppppppppppppppppppgttdddddttgggggggggggggggggggggg
gggtgtggrgttggggwwwwwwwwwwygpppgggggtttttttttgggggpppppppppppppppgggttdddddddttgggggggggggfgggggrggg
ggggggggggggtttgggwwwwwwwwwgbbggttgtttttttwwwwwgggggggggbbgggggggggttdddddddddttgggggggggggggggfgggg
gggtgtgggfgggggttggggwwwwwwwbbwwwwwwwwwwwwwwwwwwwwwwwwwwbbggwwwwwwwwwwwddddddddtyygggggggggggrgggggg
ggggggggggggrggggtttggggggwwbbwwwwwwwwwwwyywwwwwwwwwwwwwbbwwwwwwwwwwwwwwwwwwdddtyyyggggggggggggggggg
gggtgtggggggfgggfgggttttgtggbbgwwwwwwwwwwwwwwwwwwwwwwwwwbbwwwwwwwwwwwwwwwwwwwwwwyyyygggggggggggggggg
gggggggggggggggggggggggtttgggggggggggggggyyyywwwwyyyyyyybbywwwwyyyyyyywwwwwwwwwwwyyyyggggggggggggggg
ggggggggggggggggggggggggggggggggfggrgggfggyyyyyyyyyyyyyyyyyyyyyyyyyyyyyyywwwwwwwwwyyyygggggggggggggg
gggggggggggggggggggggggggggggggggggggggggggyyyyyyyyyyyyyyyyyyyyyyyyyyyyyyyyywwwwwwwyyyyggggggggggggg
gggggggggggggggggggggggggggggggggggggggggggggggggggggggggggggggggggggggggggggwwwwwwyyyyggggggggggggg
tttsgstttsgsttttttsgggggggggggggggggggggggggggggggggggggggggggggggggggggggggwwwwwwwyytygggggggggttgg
ggggggggggggggggggtggggggggggggggggggggggggggggggggggggggggggggggggggggggggggwwwwwwyyyygggggggggttgg
gggfgggggrgggggrggtggggggggggggggggggggggggggggggggggggggggggggggggggggggggggwwwwwwyytyggggggggggggg
ggggggggggggfgggggtgggggggggggggggggggggggggggggggggggggggggggggggggggggggggggwwwwwwyyyygggggggggggg
tttttttttttgggggggsgggggggggggggggggggggggggggggggggggggggggggggggggggggggggggwwwwwwyytyggggggggttgg
sssssssssstgggrgggggggggggggggggggggggggggggggggggggggggggggggggggggggggggggggwwwwwwyyygggggggggttgg
sbbbbbbbbstgggggggsgggggggggggggggggggggggggggggggggggggggggggggggggggggggggggwwwwwwyggggggggggggggg
sbbbbbbbbsgggfggggtgggggggggggggggggggggggggggggggggggggggggggggggggggggggggbbbbbbbbbbgggggggggggggg
sbbbbbbbbgggggggggtgggggggggggggggggggggggggggggggggggggggggggggggggggggggggbbbbbbbbbbggggggggggttgg
sbbbbbbbbggrggfgggtgggggggggggggggggggggggggggggggggggggggggggggggggggggggggbbbbbbbbbbggggggggggttgg
sbbbbbbbbsggggrgggtggggggggggggggggggggggggggggggggggggggggggggggggggggggggggggwwwwwggggggoooggggggg
sbbbbbbbbstgggggggsggggggggggggggggggggggggggggggggggggggggggggggggggggggggggggwwwwwgggggggggggggggg
sssssssssstggggggggggggggggggggggggggggggggggggggggggggggggggggggggggggggggggggwwwwwgggggoogoogggggg
tttttttttttgggggggsggggggggggggggggggggggggggggggggggggggggggggggggggggggggggggwwwwwwwggggggggggbbgg
gggfggggggggggyyyytgggggggggggggggggggggggggggggggggggggggggggggggggggggggggggggwwwwwwwwwgggggggbbgg
ggggggggfggggyywwwtgggggggggggggggggggggggggggggggggggggggggggggggggggggggggggggwwwwwwwwwwwwwwwwbbww
ggggggggggggyywwwwtgggggggggggggggggggggggggggggggggggggggggggggggggggggggggggggggwwwwwwwwwbbbbbbbww
tttsgstttsgsttttttsgggggggggggggggggggggggggggggggggggggggggggggggggggggggggggggggggggwwwwwwwwwwwwww
ggggggggggggggggggggggggggggggggggggggggggggggggggggggggggggggggggggggggggggggggggggggggwwwwwwwwwwww
ggggggggggggggggggggggggggggggggggggggggggggggggggggggggggggggggggggggggggggggggggggggggggwwwwwwwwww
ggggggggggggggggggggggggggggggggggggggggggggggggggggggggggggggggggggggggggggggggggggggggggggggwwwwww
gggggggggggggggggggggggggggggggggggggggggggggggggggggggggggggggggggggggggggggggggggggggggggggggwwwww
gggggggggggggggggggggggggggggggggggggggggggggggggggggggggggggggggggggggggggggggggggggggggggggggggwww
wwggggggggggggggggggggggggggggggggggggggggggggggggggggggggggggggggggggggggggggggggggggggggggggggwwww
wwwwgggggggggggggggggggggggggggggggggggggggggggggggggggggggggggggggggggggggggggggggggggggggggggwwwww
wwwwwwwgggggggggggggggggggggggggggggggggggggggggggggggggggggggggggggggggggggggggggggggggggggggwwwwww
wwwwwwwwgggggggggggggggggggggggggggggggggggggggggggggggggggggggggggggggggggggggggggggggggggwwwwwwwww
wwwwwwwwwggggggggggggggggggggggggggggggggggggggggggggggggggggggggggggggggggggggggggggggggwwwwwwwwwww
wwwwwwwwwwgggggggggggggggggggggggggggggggggggggggggggggggggggggggggggggggggggggggggggggggwwwwwwwwwww
wwwwwwwwwwwwwggggggggggggggggggggggggggggggggggggggggggggggggggggggggggggggbbggggggggggwwwwwwwwwwwww
wwwwwwwwwwwwwwggggggggggggggggggggggggggggggggggggggggggggggggggggggggggggwbbwwwwwwwwwwwwwwwwwwwwwww
wwwwwwwwwwwwwwwwwwwgggggggbbggwwwgggggggggggggggggggggggggggggggggwwwwwwwwwbbwwwwwwwwwwwwwwwwgggwwww
wwwwwwwwwwwwwwwwwwwwwwwwwwbbwwwwwwwwwwwwwwwwwwwwwwwwwwwwwwwwwwwwwwwwwwwwwwwbbwwwwwwwwwwwwwwwggogggww
wwwwwwwwwwwwwwwwwwwwwwwwwwbbwwwwwwwwwwwwwwwwwwwwwwwwwwwwwwwwwwwwwwwwwwwggggbbgggggggwwwwwwwwggggogww
wwwwwwwwwwwwwwwwwwwwwwwwwwbbwwwwwwwwwwwwwwwwwwwwwwwwwwwwwwwwwwwwwwwwwggggggggggggggggggwwwwwwgbggwww
wwwwwwwwwwwwwwwwggggggggggbbgggggggggggggggggwwwwwwwwwwwgggggggggggggggggggggggggggggggggwwwwwbwwwww
wwwwwwwwggggggggggggggggggggggggggggggggggggggggggggggggggggggggggggggggggggggggggggggggggwwwwbwwwww
wwwwwwwgggggggggggggggggggggggggggggggggggggggggggggggggggggggggggggggggggggggggggggggggggggggbggggg
wwwwgggggggggggggggggggggggggggggggggggggggggggggggggggggggggggggggggggggggggggggggggggggggggggggggg
gggggggggggggggggggggggggggggggggggggggggggggggggggggggggggggggggggggggggggggggggggggggggggggggggggg
gggggggggggggggggggggggggggggggggggggggggggggggggggggggggggggggggggggggggggggggggggggggggggggggggggg
gggggggggggggggggggggggggggggggggggggggggggggggggggggggggggggggggggggggggggggggggggggggggggggggggggg
gggggggggggggggggggggggggggggggggggggggggggggggggggggggggggggggggggggggggggggggggggggggggggggggggggg
gggggggggggggggggggggggggggggggggggggggggggggggggggggggggggggggggggggggggggggggggggggggggggggggggggg
gggggggggggggggggggggggggggggggggggggggggggggggggggggggggggggggggggggggggggggggggggggggggggggggggggg
gggggggggggggggggggggggggggggggggggggggggggggggggggggggggggggggggggggggggggggggggggggggggggggggggggg
gggggggggggggggggggggggggggggggggggggggggggggggsgggggsgggggggggggggggggggggggggggggggggggggggggggggg
gggggggggggggggggggggggggggggggggggggggggggggggsobbbosgggggggggggggggggggggggggggggggwwwwwwwwwwwwwww
gggggggwwwwwwwwwgggggggggggggggggggggggggwwwwwwwobbbowwggggggggggggggggggggwwwwwwwwwwwwwwwwwwwwwwwww
wwwwwwwwwwwwwwwwwwwwwwwwwwwwwwwwwwwwwwwwwwwwwwwwobbbowwwwwwwwwwwwwwwwwwwwwwwwwwwwwwwwwwwwwwwwwwwwwww
wwwwwwwwwwwwwwwwwwwwwwwwwwwwwwwwwwwwwwwwwwwwwwwwobbbowwwwwwwwwwwwwwwwwwwwwwwwwwwwwwwwwwwwwwwwwwwwwww
sswwwwwsswwwwwsswwwwwsswwwwwsswwwwwsswwwwwsswwwwobbbowwwsswwwwwsswwwwwsswwwwwsswwwwwsswwwwwsswwwwwss
sswwwwwsswwwwwsswwwwwsswwwwwsswwwwwsswwwwwsswwwwobbbowwwsswwwwwsswwwwwsswwwwwsswwwwwsswwwwwsswwwwwss
ssssssssssssssssssssssssssssssssssssssssssssssssobbbosssssssssssssssssssssssssssssssssssssssssssssss
ssssssssssssssssssssssssssssssssssssssssssssssssobbbosssssssssssssssssssssssssssssssssssssssssssssss
ssddddddddggggggggggggggggggggggggggggggggggggggobbbogggggggggggggggggggggggggggggggggggggggggggggss
ssbbbbbbbbgggpppppgggggggggppppppgppgggppppggpppgggggppppgggggppppppgggggpppppgggpppggppppppppggggss
ssddddddddggggppgpppppppppgppppppggpppppgppppggggggggggppppppppgggggppppggggpppppppggppppppggpppggss
ssbbbbbbbbgppppppppggpppgppppgggppppggggggggggggggggggggggggggggggggggggggggggggggggggggggggggggggss
ssddddddddgggggpppggggggggggggggggggggggggggggggggggggggggggggggggggggggggggggggggggggggggggggggggss
ssbbbbbbbbgggggggggggggggggggggggggggggggggggggggggggggggggggggggggggggggggggggggffggfgfgggggrrgggss
ssddddddddgggggggggggggggggggggggggggggggggggggggggggggggggggggggggggggggggggggggfgfgfgfggfggrrgggss
ssbbbbbbbbgggggggggggggggggggggggggggggggggggggggggggggggggggggggggggggggggggggggffggfffgggggrrgggss
ssssssssssgggggggggggggggggggggggggggggggggggggggggggggggggggggggggggggggggggggggfgfggfgggfggrrgggss
ssyyyyyyysgggggggggggggggggggggggggggggggggggggggggggggggggggggggggggggggggggggggffgggfggggggrrgggss
ssyyyyyyysgggggggggggggggggggggggggggggggggggggggggggggggggggggggggggggggggggggggggggggggggggrrgggss
ssyyyyyyysgggggggggggggggggggggggggggggggggggggggggggggggggggggggggggggggggggggggrgggrggrrrggrrgggss
ssgggggggggggggggggggggggggggggggggggggggggggggggggggggggggggggggggggggggggggggggrrgrrggrgrggrrgggss
ssgggggggggggggggggggggggggggggggggggggggggggggggggggggggggggggggggggggggggggggggrgrgrggrrrgggggggss
ssgggggggggggggggggggggggggggggggggggggggggggggggggggggggggggggggggggggggggggggggrgggrggrgrggrrgggss
ssgggggggggggggggggggggggggggggggggggggggggggggggggggggggggggggggggggggggggggggggrgggrggrgrggrrgggss
ssggggggggggggggggggggggggggggggggggggggggggggggggggggggggggggggggggggggggggggggggggggggggggggggggss
ssgggggggggggggggggggggggggggggggggggggggggggggggggggggggggggggggggggggggggggggggggggggggggppgggggss
ssgggggggggggggggggggggggggggggggggggggggggggggggggggggggggggggggggggggggggggggggggggppppppppoogggss
ssggooggooggooggggggggggggggggggggggggggggggggggggggggggggggggggggggggggggggggggggggpooppopppooppgss
ssggooggooggoogggggggggggggggggggggggggggggggggggggggggggggggggggggggggggggggggggggppooppooppooppgss
ssggggggggggggggggggggggggggggggggggggggggggggggggggggggggggggggggggggggggggggggggpppppppppppppppgss
ssssssssssssssssssssssssssssssssssssssssssssssssssssssssssssssssssssssssssssssssssssssssssssssssssss
ssssssssssssssssssssssssssssssssssssssssssssssssssssssssssssssssssssssssssssssssssssssssssssssssssss